// Jest Snapshot v1, https://goo.gl/fbAQLP

exports[`ContactForm renders contact form correctly 1`] = `
<section
  id="contact"
>
  <div
    className="container"
  >
    <h2
      className="mt-0 text-center"
    >
      Contact Us
    </h2>
    <div
      className="eui-panel card-container eui-panel-default"
    >
      <div
        className="eui-panel-body"
      >
        <form
          onSubmit={[Function]}
        >
          <div
            className="eui-row extra-p-md-6"
          >
            <div
              className="eui-col mb-46 eui-col-xs-6"
            >
              <div
                className="eui-text-field"
              >
                <div
                  className="eui-text-field-wrapper"
                >
                  <input
                    aria-errormessage="undefinedErrorMessage"
                    aria-invalid={false}
                    aria-label="First Name"
                    disabled={false}
                    name="fname"
                    onChange={[Function]}
                    onKeyPress={[Function]}
                    role="textbox"
                    type="text"
                    value=""
                  />
                  <div
                    className="eui-text-field-footer"
                  >
                    <span
                      className="eui-text-field-message eui-text-field-error-message"
                      id="undefinedErrorMessage"
                      role="alert"
                    >
                      
                    </span>
                    <span
                      className="eui-text-field-message eui-text-field-help-text"
                    />
                  </div>
                </div>
                <label>
                  First Name
                </label>
              </div>
            </div>
            <div
              className="eui-col mb-46 eui-col-xs-6"
            >
              <div
                className="eui-text-field"
              >
                <div
                  className="eui-text-field-wrapper"
                >
                  <input
                    aria-errormessage="undefinedErrorMessage"
                    aria-invalid={false}
                    aria-label="Last Name"
                    disabled={false}
                    name="lname"
                    onChange={[Function]}
                    onKeyPress={[Function]}
                    role="textbox"
                    type="text"
                    value=""
                  />
                  <div
                    className="eui-text-field-footer"
                  >
                    <span
                      className="eui-text-field-message eui-text-field-error-message"
                      id="undefinedErrorMessage"
                      role="alert"
                    >
                      
                    </span>
                    <span
                      className="eui-text-field-message eui-text-field-help-text"
                    />
                  </div>
                </div>
                <label>
                  Last Name
                </label>
              </div>
            </div>
          </div>
          <div
            className="eui-row extra-p-md-6"
          >
            <div
              className="eui-col mb-46 eui-col-xs-6"
            >
              <div
                className="eui-text-field"
              >
                <div
                  className="eui-text-field-wrapper"
                >
                  <input
                    aria-errormessage="undefinedErrorMessage"
                    aria-invalid={false}
                    aria-label="Email"
                    disabled={false}
                    name="email"
                    onChange={[Function]}
                    onKeyPress={[Function]}
                    role="textbox"
                    type="text"
                    value=""
                  />
                  <div
                    className="eui-text-field-footer"
                  >
                    <span
                      className="eui-text-field-message eui-text-field-error-message"
                      id="undefinedErrorMessage"
                      role="alert"
                    >
                      
                    </span>
                    <span
                      className="eui-text-field-message eui-text-field-help-text"
                    />
                  </div>
                </div>
                <label>
                  Email
                </label>
              </div>
            </div>
            <div
              className="eui-col mb-46 eui-col-xs-6"
            >
              <div
                className="eui-text-field"
              >
                <div
                  className="eui-text-field-wrapper"
                >
                  <input
                    aria-errormessage="undefinedErrorMessage"
                    aria-invalid={false}
                    aria-label="Phone Number"
                    disabled={false}
                    name="phone"
                    onChange={[Function]}
                    onKeyPress={[Function]}
                    role="textbox"
                    type="text"
                    value=""
                  />
                  <div
                    className="eui-text-field-footer"
                  >
                    <span
                      className="eui-text-field-message eui-text-field-error-message"
                      id="undefinedErrorMessage"
                      role="alert"
                    >
                      
                    </span>
                    <span
                      className="eui-text-field-message eui-text-field-help-text"
                    />
                  </div>
                </div>
                <label>
                  Phone Number
                </label>
              </div>
            </div>
          </div>
          <div
            className="eui-row"
          >
            <div
              className="eui-col mb-46 eui-col-xs-12"
              role="textbox"
            >
              <div
                className="eui-text-field  "
              >
                <div
                  className="eui-text-field-wrapper"
                >
                  <textarea
                    aria-errormessage="undefinedErrorMessage"
                    aria-invalid={false}
                    aria-label="Message"
                    className="custom-textarea"
                    name="message"
                    onChange={[Function]}
                    role="textbox"
                    rows="4"
                    value=""
                  />
                  <div
                    className="eui-text-field-footer"
                  >
                    <span
                      className="eui-text-field-message eui-text-field-error-message "
                      id="undefinedErrorMessage"
                      role="alert"
                    >
                      
                    </span>
                    <span
                      className="eui-text-field-message eui-text-field-help-text"
                    />
                  </div>
                </div>
                <label>
                  Message
                </label>
              </div>
            </div>
          </div>
          <div
            className="eui-row"
          >
            <div
              className="eui-col eui-col-xs-12"
              role="textbox"
            >
              <label
                className="eui-checkbox mt-0 mb-46 eui-has-label"
              >
                <input
                  className="eui-checkbox-input"
                  name="subscription"
                  onBlur={[Function]}
                  onChange={[Function]}
                  onFocus={[Function]}
                  type="checkbox"
                />
                <div
                  className="eui-checkbox-check"
                  onClick={[Function]}
                  role="presentation"
                />
                <span
                  className="eui-checkbox-label"
                  onClick={[Function]}
                  role="presentation"
                >
                  Send me emails about breaking news and promotions.
                </span>
              </label>
            </div>
          </div>
          <div
            className="text-center submit-button"
          >
            <button
              aria-label="Subscribe to newsletter"
              className="eui-btn eui-btn-primary eui-btn-classic eui-btn-sm eui-btn-inverted btn-padding-lg"
              role="button"
              type="submit"
            >
              <div
                className="eui-btn-content"
              >
                <span
                  className="caption"
                >
                  <span>
                    Submit form
                  </span>
                </span>
              </div>
            </button>
          </div>
        </form>
      </div>
    </div>
  </div>
</section>
`;
