// Jest Snapshot v1, https://goo.gl/fbAQLP

exports[`SEO render renders correctly 1`] = `null`;
